// Jest Snapshot v1, https://goo.gl/fbAQLP

exports[`Main Main snapshot 1`] = `
<div>
  <Header />
  <Switch>
    <Route
      component={[Function]}
      exact={true}
      path="/"
    />
    <Route
      component={[Function]}
      path="/aboutus"
    />
    <Route
      component={[Function]}
      path="/dashboard"
    />
    <Route
      component={[Function]}
      path="/secure/messaging"
    />
     
    <Route
      component={[Function]}
      path="/secure/org"
    />
     
    <Route
      component={[Function]}
      path="/secure/pairing"
    />
     
    <Route
      component={[Function]}
      path="/secure/wishlist"
    />
     
    <Route
      component={[Function]}
      path="/registration"
    />
    <Route
      component={[Function]}
      path="/wishlist"
    />
  </Switch>
  <Footer />
</div>
`;
