// Jest Snapshot v1, https://goo.gl/fbAQLP

exports[`AboutUs AboutUs snapshot 1`] = `
<div>
  <h1>
    AboutUs page
  </h1>
  Check us out on 
  <a
    href="https://github.com/5-gwoap"
  >
    Github
  </a>
  !
</div>
`;
