// Jest Snapshot v1, https://goo.gl/fbAQLP

exports[`Dashboard Dashboard snapshot 1`] = `
<div>
  <h1>
    Dashboard page
  </h1>
</div>
`;
