// Jest Snapshot v1, https://goo.gl/fbAQLP

exports[`Footer Footer snapshot 1`] = `
<footer>
  <div
    className="footerText"
  >
    <div
      className="footerCopyright"
    >
      Â© 2017 Adopt A Family
    </div>
    <div
      className="footerSpacer"
    >
       | 
    </div>
    <div
      className="footerPrivacy"
    >
      <a
        href="http://www.theuselessweb.com/"
        target="_blank"
      >
        Privacy Policy
      </a>
    </div>
    <div
      className="footerContact"
    >
      <a
        href="http://www.theuselessweb.com/"
        target="_blank"
      >
        Contact Us
      </a>
    </div>
  </div>
  <div
    className="footerIcons"
  >
    <a
      className="social-icon"
      href="https://github.com/5-gwoap/adopt-a-family"
      target="_blank"
    >
      <i
        className="fa fa-github fa-2x"
      />
    </a>
    <a
      className="social-icon"
      href="mailto:5gwoap@gmail.com"
      target="_blank"
    >
      <i
        className="fa fa-envelope fa-2x"
      />
    </a>
    <a
      className="social-icon"
      href="https://github.com/5-gwoap"
      target="_blank"
    >
      <i
        className=" fa fa-user-circle fa-2x"
      />
    </a>
  </div>
</footer>
`;
