// Jest Snapshot v1, https://goo.gl/fbAQLP

exports[`Input Input snapshot 1`] = `
<input
  className={undefined}
  maxLength={undefined}
  name={undefined}
  onChange={undefined}
  pattern={undefined}
  placeholder={undefined}
  size={undefined}
  title={undefined}
  type={undefined}
/>
`;
