// Jest Snapshot v1, https://goo.gl/fbAQLP

exports[`Messaging Messaging snapshot 1`] = `
<div>
  <h1>
    Messaging page
  </h1>
</div>
`;
