// Jest Snapshot v1, https://goo.gl/fbAQLP

exports[`Pairing Pairing snapshot 1`] = `
<div>
  <h1>
    Pairing page
  </h1>
  <p>
    A collection of potential people that you can pair with
  </p>
  <ul>
    <li>
      personA
       
      <span
        style={
          Object {
            "align": "right",
            "marginLeft": "3em",
          }
        }
      >
        <button>
          PAIR
        </button>
      </span>
    </li>
    <li>
      personB
       
      <span
        style={
          Object {
            "align": "right",
            "marginLeft": "3em",
          }
        }
      >
        <button>
          PAIR
        </button>
      </span>
    </li>
    <li>
      personC
       
      <span
        style={
          Object {
            "align": "right",
            "marginLeft": "3em",
          }
        }
      >
        <button>
          PAIR
        </button>
      </span>
    </li>
    <li>
      personD
       
      <span
        style={
          Object {
            "align": "right",
            "marginLeft": "3em",
          }
        }
      >
        <button>
          PAIR
        </button>
      </span>
    </li>
  </ul>
</div>
`;
