// Jest Snapshot v1, https://goo.gl/fbAQLP

exports[`Registration Registration snapshot 1`] = `
<div>
  <div>
    <div
      className="contact"
    >
      <form
        id="registration"
      >
        <div
          className="form-item"
        >
          <span
            className="contact-label"
          >
            First Name
          </span>
          <input
            className={undefined}
            maxLength={undefined}
            name="firstName"
            onChange={undefined}
            pattern={undefined}
            placeholder={undefined}
            size={undefined}
            title={undefined}
            type="text"
          />
        </div>
        <div
          className="form-item"
        >
          <span
            className="contact-label"
          >
            Middle Initial
          </span>
          <input
            className={undefined}
            maxLength="1"
            name="middleInitial"
            onChange={undefined}
            pattern={undefined}
            placeholder={undefined}
            size={undefined}
            title={undefined}
            type="text"
          />
        </div>
        <div
          className="form-item"
        >
          <span
            className="contact-label"
          >
            Last Name
          </span>
          <input
            className={undefined}
            maxLength={undefined}
            name="lastName"
            onChange={undefined}
            pattern={undefined}
            placeholder={undefined}
            size={undefined}
            title={undefined}
            type="text"
          />
        </div>
        <div
          className="form-item"
        >
          <span
            className="contact-label"
          >
            Address
          </span>
          <input
            className={undefined}
            maxLength={undefined}
            name="address"
            onChange={undefined}
            pattern={undefined}
            placeholder={undefined}
            size={undefined}
            title={undefined}
            type="text"
          />
        </div>
        <div
          className="form-item"
        >
          <span
            className="contact-label"
          >
            City
          </span>
          <input
            className={undefined}
            maxLength={undefined}
            name="city"
            onChange={undefined}
            pattern={undefined}
            placeholder={undefined}
            size={undefined}
            title={undefined}
            type="text"
          />
        </div>
        <div
          className="form-item"
        >
          <span
            className="contact-label"
          >
            State
          </span>
          <select
            form="registration"
            name="states"
          >
            <option
              value="ak"
            >
              AK
            </option>
            <option
              value="al"
            >
              AL
            </option>
            <option
              value="az"
            >
              AZ
            </option>
            <option
              value="ar"
            >
              AR
            </option>
            <option
              value="ca"
            >
              CA
            </option>
            <option
              value="co"
            >
              CO
            </option>
            <option
              value="ct"
            >
              CT
            </option>
            <option
              value="de"
            >
              DE
            </option>
            <option
              value="fl"
            >
              FL
            </option>
            <option
              value="ga"
            >
              GA
            </option>
            <option
              value="hi"
            >
              HI
            </option>
            <option
              value="id"
            >
              ID
            </option>
            <option
              value="il"
            >
              IL
            </option>
            <option
              value="in"
            >
              IN
            </option>
            <option
              value="ia"
            >
              IA
            </option>
            <option
              value="ks"
            >
              KS
            </option>
            <option
              value="ky"
            >
              KY
            </option>
            <option
              value="la"
            >
              LA
            </option>
            <option
              value="me"
            >
              ME
            </option>
            <option
              value="md"
            >
              MD
            </option>
            <option
              value="ma"
            >
              MA
            </option>
            <option
              value="mi"
            >
              MI
            </option>
            <option
              value="mn"
            >
              MN
            </option>
            <option
              value="ms"
            >
              MS
            </option>
            <option
              value="mo"
            >
              MO
            </option>
            <option
              value="mt"
            >
              MT
            </option>
            <option
              value="ne"
            >
              NE
            </option>
            <option
              value="nv"
            >
              NV
            </option>
            <option
              value="nh"
            >
              NH
            </option>
            <option
              value="nj"
            >
              NJ
            </option>
            <option
              value="nm"
            >
              NM
            </option>
            <option
              value="ny"
            >
              NY
            </option>
            <option
              value="nc"
            >
              NC
            </option>
            <option
              value="nd"
            >
              ND
            </option>
            <option
              value="oh"
            >
              OH
            </option>
            <option
              value="ok"
            >
              OK
            </option>
            <option
              value="or"
            >
              OR
            </option>
            <option
              value="pa"
            >
              PA
            </option>
            <option
              value="ri"
            >
              RI
            </option>
            <option
              value="sc"
            >
              SC
            </option>
            <option
              value="sd"
            >
              SD
            </option>
            <option
              value="tn"
            >
              TN
            </option>
            <option
              value="tx"
            >
              TX
            </option>
            <option
              value="ut"
            >
              UT
            </option>
            <option
              value="vt"
            >
              VT
            </option>
            <option
              value="va"
            >
              VA
            </option>
            <option
              value="wa"
            >
              WA
            </option>
            <option
              value="wv"
            >
              WV
            </option>
            <option
              value="wi"
            >
              WI
            </option>
            <option
              value="wy"
            >
              WY
            </option>
          </select>
        </div>
        <div
          className="form-item"
        >
          <span
            className="contact-label"
          >
            Account Type
          </span>
          <select
            form="registration"
            name="accountTypes"
          >
            <option
              value="donator"
            >
              Donator
            </option>
            <option
              value="family"
            >
              Family
            </option>
            <option
              value="organizer"
            >
              Organizer
            </option>
          </select>
        </div>
        <div
          className="form-item"
        >
          <span
            className="contact-label"
          >
            Email
          </span>
          <input
            className={undefined}
            maxLength={undefined}
            name="email"
            onChange={[Function]}
            pattern="[a-z0-9._%+-]+@[a-z0-9.-]+\\\\.[a-z]{2,3}$"
            placeholder={undefined}
            size={undefined}
            title={undefined}
            type="email"
          />
        </div>
        <div
          className="form-item"
        >
          <span
            className="contact-label"
          >
            Confirm Email
          </span>
          <input
            className="emailInvalid"
            maxLength={undefined}
            name="confirmEmail"
            onChange={[Function]}
            pattern="[a-z0-9._%+-]+@[a-z0-9.-]+\\\\.[a-z]{2,3}$"
            placeholder={undefined}
            size={undefined}
            title={undefined}
            type="email"
          />
        </div>
        <div
          className="form-item"
        >
          <span
            className="contact-label"
          >
            Password:
          </span>
          <input
            className={undefined}
            maxLength={undefined}
            name="password"
            onChange={undefined}
            pattern=".{6,}"
            placeholder={undefined}
            size={undefined}
            title="Must be at least 6 characters."
            type="password"
          />
        </div>
        <div
          className="form-item"
        >
          <span
            className="contact-label"
          >
            Confirm Password
          </span>
          <input
            className={undefined}
            maxLength={undefined}
            name={undefined}
            onChange={undefined}
            pattern=".{6,}"
            placeholder={undefined}
            size={undefined}
            title="Must be at least 6 characters"
            type="password"
          />
        </div>
        <div
          className="form-item"
        >
          <button
            onClick={[Function]}
            type="submit"
          >
            SUBMIT
          </button>
        </div>
      </form>
    </div>
  </div>
</div>
`;
