// Jest Snapshot v1, https://goo.gl/fbAQLP

exports[`SecureOrg SecureOrg snapshot 1`] = `
<div>
  <h1>
    SecureOrg page
  </h1>
</div>
`;
