// Jest Snapshot v1, https://goo.gl/fbAQLP

exports[`WishlistPrivate WishlistPrivate snapshot 1`] = `
<div>
  <h1>
    WishlistPrivate page
  </h1>
</div>
`;
