// Jest Snapshot v1, https://goo.gl/fbAQLP

exports[`WishlistPublic WishlistPublic snapshot 1`] = `
<div>
  <h1>
    WishlistPublic page
  </h1>
</div>
`;
